# Needed System Packages
rust
go
ntfs-3g
stow
base-devel
curl
wget

# Core Hyprland packages
hyprland
xdg-desktop-portal-hyprland
sddm

# Hyprland Ecosystem
hyprpicker
hyprlock
hypridle

# Terminal
ghostty
zsh
warp-terminal

# Other Needed Packages
polkit-gnome
neovim
nautilus
rofi
loupe
libheif
vlc
ffmpeg
telegram-desktop
gnome-disk-utility
python-pip

# Utilities
brightnessctl
playerctl
btop
bat
fzf
zoxide
eza
fastfetch
less
unzip

# Audio
gst-plugin-pipewire
pipewire
wireplumber
pipewire-alsa
pipewire-audio
pipewire-pulse
pipewire-jack
pavucontrol
pamixer

# Status Bar
waybar
otf-font-awesome

# Notification Daemon
swaync

# Wifi Setup
networkmanager
nm-connection-editor
network-manager-applet

# Bluetooth
bluez
bluez-utils
blueman

# Fonts
noto-fonts
noto-fonts-emoji
noto-fonts-cjk
ttf-nerd-fonts-symbols

# Development Related
intellij-idea-ultimate-edition
jdk-openjdk
mongodb-compass
postman-bin
rust-analyzer
visual-studio-code-bin
zed

# Browsers
chromium
zen-browser-bin
brave-bin
profile-sync-daemon-brave
firefox-developer-edition
google-chrome

# Theming
nwg-look
python-pywal16
matugen-bin
spicetify-cli
python-pywalfox
wal-telegram-git
adw-gtk-theme
swww
kvantum
kvantum-qt5
qt5-wayland
qt6-wayland
qt5ct
qt6ct
tela-circle-icon-theme-black
tela-circle-icon-theme-blue
tela-circle-icon-theme-dracula
tela-circle-icon-theme-green
tela-circle-icon-theme-orange
tela-circle-icon-theme-pink
tela-circle-icon-theme-purple
tela-circle-icon-theme-red
tela-circle-icon-theme-yellow
bibata-cursor-theme-bin

# Screen Shot
grim
slurp
swappy

# Clipboard
cliphist

# Entertainment
spotify

# Others
openssl
file
webkit2gtk-4.1
appmenu-gtk-module
libappindicator-gtk3
librsvg
