# System Packages
base
base-devel
blueman
bluez
bluez-utils
btrfs-progs
efibootmgr
grub
gst-plugin-pipewire
hyprland
intel-ucode
linux
linux-firmware
network-manager-applet
networkmanager
nm-connection-editor
ntfs-3g
os-prober
pamixer
pavucontrol
pipewire
pipewire-alsa
pipewire-audio
pipewire-jack
pipewire-pulse
polkit-gnome
python-pip
sddm
sof-firmware
wget
wireplumber
wtype
xdg-desktop-portal-hyprland

# Terminal
bat
btop
dysk
eza
fastfetch
fzf
ghostty
git
tldr
tmux
#warp-terminal
zoxide
zsh

# Utilities
bleachbit
brightnessctl
cliphist
ffmpeg
gnome-calculator
gnome-disk-utility
gnome-keyring
grim
hypridle
hyprlock
hyprpicker
less
loupe
nautilus
playerctl
rofi
rofi-emoji
seahorse
slurp
snapshot
stow
swappy
swaync
unzip
vlc
waybar

# Fonts
noto-fonts
noto-fonts-cjk
noto-fonts-emoji
otf-font-awesome

# Development Related
go
gopls
jdk-openjdk
neovim
podman
podman-desktop
postman-bin
rust
visual-studio-code-insiders-bin
zed

# Browsers
chromium
firefox-developer-edition
google-chrome
vivaldi
vivaldi-ffmpeg-codecs

# Theming
adw-gtk-theme
bibata-cursor-theme-bin
kvantum
kvantum-qt5
matugen-bin
nwg-look
python-pywal16
python-pywalfox
qt5-wayland
qt5ct
qt6-wayland
qt6ct
spicetify-cli
swww
tela-circle-icon-theme-dracula
tela-circle-icon-theme-purple
wal-telegram-git

# Entertainment
spotify
telegram-desktop

# Others
appmenu-gtk-module
libappindicator-gtk3
libheif
librsvg
webkit2gtk-4.1
